###############################################################################
#
# IAR ELF Linker V7.20.2.7424/W32 for ARM                 23/May/2016  12:20:57
# Copyright 2007-2014 IAR Systems AB.
#
#    Output file  =  
#        C:\Users\国宇\Desktop\浮点科技电轨组金属传感器模块K60驱动代码_新\浮点科技电轨组金属传感器模块K60驱动代码\浮点科技电轨组金属传感器模块K60驱动代码\Prj\IAR\DZ10_Release\Exe\vcan_Kinetis.out
#    Map file     =  
#        C:\Users\国宇\Desktop\浮点科技电轨组金属传感器模块K60驱动代码_新\浮点科技电轨组金属传感器模块K60驱动代码\浮点科技电轨组金属传感器模块K60驱动代码\Prj\IAR\DZ10_Release\List\vcan_Kinetis.map
#    Command line =  
#        C:\Users\国宇\Desktop\浮点科技电轨组金属传感器模块K60驱动代码_新\浮点科技电轨组金属传感器模块K60驱动代码\浮点科技电轨组金属传感器模块K60驱动代码\Prj\IAR\DZ10_Release\Obj\calculate.o
#        C:\Users\国宇\Desktop\浮点科技电轨组金属传感器模块K60驱动代码_新\浮点科技电轨组金属传感器模块K60驱动代码\浮点科技电轨组金属传感器模块K60驱动代码\Prj\IAR\DZ10_Release\Obj\LDC1000.o
#        C:\Users\国宇\Desktop\浮点科技电轨组金属传感器模块K60驱动代码_新\浮点科技电轨组金属传感器模块K60驱动代码\浮点科技电轨组金属传感器模块K60驱动代码\Prj\IAR\DZ10_Release\Obj\main.o
#        C:\Users\国宇\Desktop\浮点科技电轨组金属传感器模块K60驱动代码_新\浮点科技电轨组金属传感器模块K60驱动代码\浮点科技电轨组金属传感器模块K60驱动代码\Prj\IAR\DZ10_Release\Obj\misc.o
#        C:\Users\国宇\Desktop\浮点科技电轨组金属传感器模块K60驱动代码_新\浮点科技电轨组金属传感器模块K60驱动代码\浮点科技电轨组金属传感器模块K60驱动代码\Prj\IAR\DZ10_Release\Obj\MK60_adc.o
#        C:\Users\国宇\Desktop\浮点科技电轨组金属传感器模块K60驱动代码_新\浮点科技电轨组金属传感器模块K60驱动代码\浮点科技电轨组金属传感器模块K60驱动代码\Prj\IAR\DZ10_Release\Obj\MK60_conf.o
#        C:\Users\国宇\Desktop\浮点科技电轨组金属传感器模块K60驱动代码_新\浮点科技电轨组金属传感器模块K60驱动代码\浮点科技电轨组金属传感器模块K60驱动代码\Prj\IAR\DZ10_Release\Obj\MK60_DWT.o
#        C:\Users\国宇\Desktop\浮点科技电轨组金属传感器模块K60驱动代码_新\浮点科技电轨组金属传感器模块K60驱动代码\浮点科技电轨组金属传感器模块K60驱动代码\Prj\IAR\DZ10_Release\Obj\MK60_flash.o
#        C:\Users\国宇\Desktop\浮点科技电轨组金属传感器模块K60驱动代码_新\浮点科技电轨组金属传感器模块K60驱动代码\浮点科技电轨组金属传感器模块K60驱动代码\Prj\IAR\DZ10_Release\Obj\MK60_ftm.o
#        C:\Users\国宇\Desktop\浮点科技电轨组金属传感器模块K60驱动代码_新\浮点科技电轨组金属传感器模块K60驱动代码\浮点科技电轨组金属传感器模块K60驱动代码\Prj\IAR\DZ10_Release\Obj\MK60_gpio.o
#        C:\Users\国宇\Desktop\浮点科技电轨组金属传感器模块K60驱动代码_新\浮点科技电轨组金属传感器模块K60驱动代码\浮点科技电轨组金属传感器模块K60驱动代码\Prj\IAR\DZ10_Release\Obj\MK60_i2c.o
#        C:\Users\国宇\Desktop\浮点科技电轨组金属传感器模块K60驱动代码_新\浮点科技电轨组金属传感器模块K60驱动代码\浮点科技电轨组金属传感器模块K60驱动代码\Prj\IAR\DZ10_Release\Obj\MK60_it.o
#        C:\Users\国宇\Desktop\浮点科技电轨组金属传感器模块K60驱动代码_新\浮点科技电轨组金属传感器模块K60驱动代码\浮点科技电轨组金属传感器模块K60驱动代码\Prj\IAR\DZ10_Release\Obj\MK60_lptmr.o
#        C:\Users\国宇\Desktop\浮点科技电轨组金属传感器模块K60驱动代码_新\浮点科技电轨组金属传感器模块K60驱动代码\浮点科技电轨组金属传感器模块K60驱动代码\Prj\IAR\DZ10_Release\Obj\MK60_mcg.o
#        C:\Users\国宇\Desktop\浮点科技电轨组金属传感器模块K60驱动代码_新\浮点科技电轨组金属传感器模块K60驱动代码\浮点科技电轨组金属传感器模块K60驱动代码\Prj\IAR\DZ10_Release\Obj\MK60_PIT.o
#        C:\Users\国宇\Desktop\浮点科技电轨组金属传感器模块K60驱动代码_新\浮点科技电轨组金属传感器模块K60驱动代码\浮点科技电轨组金属传感器模块K60驱动代码\Prj\IAR\DZ10_Release\Obj\MK60_port.o
#        C:\Users\国宇\Desktop\浮点科技电轨组金属传感器模块K60驱动代码_新\浮点科技电轨组金属传感器模块K60驱动代码\浮点科技电轨组金属传感器模块K60驱动代码\Prj\IAR\DZ10_Release\Obj\MK60_rtc.o
#        C:\Users\国宇\Desktop\浮点科技电轨组金属传感器模块K60驱动代码_新\浮点科技电轨组金属传感器模块K60驱动代码\浮点科技电轨组金属传感器模块K60驱动代码\Prj\IAR\DZ10_Release\Obj\MK60_spi.o
#        C:\Users\国宇\Desktop\浮点科技电轨组金属传感器模块K60驱动代码_新\浮点科技电轨组金属传感器模块K60驱动代码\浮点科技电轨组金属传感器模块K60驱动代码\Prj\IAR\DZ10_Release\Obj\MK60_SysTick.o
#        C:\Users\国宇\Desktop\浮点科技电轨组金属传感器模块K60驱动代码_新\浮点科技电轨组金属传感器模块K60驱动代码\浮点科技电轨组金属传感器模块K60驱动代码\Prj\IAR\DZ10_Release\Obj\MK60_uart.o
#        C:\Users\国宇\Desktop\浮点科技电轨组金属传感器模块K60驱动代码_新\浮点科技电轨组金属传感器模块K60驱动代码\浮点科技电轨组金属传感器模块K60驱动代码\Prj\IAR\DZ10_Release\Obj\MK60_wdog.o
#        C:\Users\国宇\Desktop\浮点科技电轨组金属传感器模块K60驱动代码_新\浮点科技电轨组金属传感器模块K60驱动代码\浮点科技电轨组金属传感器模块K60驱动代码\Prj\IAR\DZ10_Release\Obj\oled.o
#        C:\Users\国宇\Desktop\浮点科技电轨组金属传感器模块K60驱动代码_新\浮点科技电轨组金属传感器模块K60驱动代码\浮点科技电轨组金属传感器模块K60驱动代码\Prj\IAR\DZ10_Release\Obj\startup_MK60DZ10.o
#        C:\Users\国宇\Desktop\浮点科技电轨组金属传感器模块K60驱动代码_新\浮点科技电轨组金属传感器模块K60驱动代码\浮点科技电轨组金属传感器模块K60驱动代码\Prj\IAR\DZ10_Release\Obj\system_MK60DZ10.o
#        C:\Users\国宇\Desktop\浮点科技电轨组金属传感器模块K60驱动代码_新\浮点科技电轨组金属传感器模块K60驱动代码\浮点科技电轨组金属传感器模块K60驱动代码\Prj\IAR\DZ10_Release\Obj\VCAN_key.o
#        C:\Users\国宇\Desktop\浮点科技电轨组金属传感器模块K60驱动代码_新\浮点科技电轨组金属传感器模块K60驱动代码\浮点科技电轨组金属传感器模块K60驱动代码\Prj\IAR\DZ10_Release\Obj\VCAN_LED.o
#        C:\Users\国宇\Desktop\浮点科技电轨组金属传感器模块K60驱动代码_新\浮点科技电轨组金属传感器模块K60驱动代码\浮点科技电轨组金属传感器模块K60驱动代码\Prj\IAR\DZ10_Release\Obj\VCAN_MMA7455.o
#        C:\Users\国宇\Desktop\浮点科技电轨组金属传感器模块K60驱动代码_新\浮点科技电轨组金属传感器模块K60驱动代码\浮点科技电轨组金属传感器模块K60驱动代码\Prj\IAR\DZ10_Release\Obj\VCAN_NRF24L0.o
#        C:\Users\国宇\Desktop\浮点科技电轨组金属传感器模块K60驱动代码_新\浮点科技电轨组金属传感器模块K60驱动代码\浮点科技电轨组金属传感器模块K60驱动代码\Prj\IAR\DZ10_Release\Obj\VCAN_RTC_count.o
#        C:\Users\国宇\Desktop\浮点科技电轨组金属传感器模块K60驱动代码_新\浮点科技电轨组金属传感器模块K60驱动代码\浮点科技电轨组金属传感器模块K60驱动代码\Prj\IAR\DZ10_Release\Obj\vectors.o
#        --redirect _Printf=_PrintfLargeNoMb --redirect _Scanf=_ScanfLargeNoMb
#        -o
#        C:\Users\国宇\Desktop\浮点科技电轨组金属传感器模块K60驱动代码_新\浮点科技电轨组金属传感器模块K60驱动代码\浮点科技电轨组金属传感器模块K60驱动代码\Prj\IAR\DZ10_Release\Exe\vcan_Kinetis.out
#        --map
#        C:\Users\国宇\Desktop\浮点科技电轨组金属传感器模块K60驱动代码_新\浮点科技电轨组金属传感器模块K60驱动代码\浮点科技电轨组金属传感器模块K60驱动代码\Prj\IAR\DZ10_Release\List\vcan_Kinetis.map
#        --config
#        "C:\Users\国宇\Desktop\浮点科技电轨组金属传感器模块K60驱动代码_新\浮点科技电轨组金属传感器模块K60驱动代码\浮点科技电轨组金属传感器模块K60驱动代码\Prj\IAR\config
#        files\vcan_ROM_K60N512.icf"
#        C:\Users\国宇\Desktop\浮点科技电轨组金属传感器模块K60驱动代码_新\浮点科技电轨组金属传感器模块K60驱动代码\浮点科技电轨组金属传感器模块K60驱动代码\Prj\IAR\..\..\Lib\CMSIS\iar_cortexM4l_math.a
#        --entry __iar_program_start --redirect __write=__write_buffered
#        --inline --vfe
#
###############################################################################

*******************************************************************************
*** RUNTIME MODEL ATTRIBUTES
***

CppFlavor       = *
__SystemLibrary = DLib


*******************************************************************************
*** PLACEMENT SUMMARY
***

"A1":  place at 0x00000000 { ro section .intvec };
"A2":  place at 0x00000410 { ro section .noinit };
"P1":  place in [from 0x00000000 to 0x00080000] { ro, block CodeRelocate };
"P2":  place in [from 0x1fff0410 to 0x20010000] {
          rw, block CodeRelocateRam, block CSTACK, block HEAP };

  Section              Kind        Address    Size  Object
  -------              ----        -------    ----  ------
"A1":                                        0x410
  .intvec              const    0x00000000   0x410  vectors.o [1]
                              - 0x00000410   0x410

"P1", part 1 of 2:                             0x0
  .rodata              const    0x00000410     0x0  zero_init3.o [5]

"A2":                                          0x8
  .noinit              ro code  0x00000410     0x8  startup_MK60DZ10.o [1]
                              - 0x00000418     0x8

"P1", part 2 of 2:                          0x28c8
  .text                ro code  0x00000418   0xbee  xprintflarge_nomb.o [3]
  .text                ro code  0x00001006    0x22  zero_init3.o [5]
  .text                ro code  0x00001028    0x16  strchr.o [5]
  .text                ro code  0x00001040    0x36  strlen.o [5]
  .text                ro code  0x00001078    0x58  memchr.o [5]
  .text                ro code  0x000010d0    0xee  I64DivMod.o [5]
  .text                ro code  0x000011c0    0x76  ABImemcpy_unaligned.o [5]
  .text                ro code  0x00001236    0x42  xdnorm.o [4]
  .text                ro code  0x00001278    0x2e  DblCmpLe.o [4]
  .text                ro code  0x000012a8   0x1a2  DblMul.o [4]
  .text                ro code  0x0000144c   0x246  DblDiv.o [4]
  .text                ro code  0x00001694    0x2c  DblToI32.o [4]
  .text                ro code  0x000016c0    0x1c  I32ToDbl.o [4]
  .text                ro code  0x000016dc   0x180  DblSub.o [4]
  .text                ro code  0x0000185c    0x6c  localeconv.o [3]
  .text                ro code  0x000018c8     0xe  div.o [3]
  .text                ro code  0x000018d8     0x2  I64DivZer.o [5]
  .text                ro code  0x000018dc    0xd4  DblAdd.o [4]
  .text                ro code  0x000019b0   0x54c  LDC1000.o [1]
  .text                ro code  0x00001efc   0x168  MK60_uart.o [1]
  .text                ro code  0x00002064    0x24  printf.o [3]
  .text                ro code  0x00002088    0x98  MK60_gpio.o [1]
  .text                ro code  0x00002120   0x37c  main.o [1]
  .text                ro code  0x0000249c    0x34  MK60_SysTick.o [1]
  .text                ro code  0x000024d0    0x3c  MK60_port.o [1]
  .text                ro code  0x0000250c   0x158  MK60_ftm.o [1]
  .text                ro code  0x00002664    0x54  MK60_PIT.o [1]
  .text                ro code  0x000026b8    0x18  misc.o [1]
  Veneer               ro code  0x000026d0     0x8  - Linker created -
  .text                ro code  0x000026d8   0x1b4  MK60_mcg.o [1]
  .data_init                    0x0000288c   0x188  <Block>
    Initializer bytes  ro data  0x0000288c   0x188  <for .data-1>
  .text                ro code  0x00002a14    0xc0  system_MK60DZ10.o [1]
  .text                ro code  0x00002ad4    0x2c  MK60_wdog.o [1]
  .text                ro code  0x00002b00     0x6  ABImemclr.o [5]
  .text                ro code  0x00002b08    0x5e  ABImemset.o [5]
  CodeRelocate                  0x00002b68    0x3c  <Block>
    Initializer bytes  ro data  0x00002b68    0x3c  <for CodeRelocateRam-1>
  .text                ro code  0x00002ba4    0x28  data_init.o [5]
  .iar.init_table      const    0x00002bcc    0x10  - Linker created -
  .text                ro code  0x00002bdc    0x1a  cmain.o [5]
  .text                ro code  0x00002bf6     0x4  exit.o [3]
  .text                ro code  0x00002bfc     0xa  cexit.o [5]
  .text                ro code  0x00002c08     0xc  XXexit.o [5]
  .text                ro code  0x00002c14    0x16  xprout.o [3]
  .text                ro code  0x00002c2c     0xc  putchar.o [3]
  .text                ro code  0x00002c38    0x14  MK60_conf.o [1]
  .text                ro code  0x00002c4c     0xc  cstartup_M.o [5]
  Initializer bytes    ro data  0x00002c58    0x88  <for P2 s0>
                              - 0x00002ce0  0x28c8

"P2":                                        0x438
  .data                         0x1fff0410   0x188  <Block>
    .data-1                     0x1fff0410   0x188  <Init block>
      .data            inited   0x1fff0410     0xe  LDC1000.o [1]
      .data            inited   0x1fff0420    0x20  LDC1000.o [1]
      .data            inited   0x1fff0440    0x84  main.o [1]
      .data            inited   0x1fff04c4     0xc  MK60_ftm.o [1]
      .data            inited   0x1fff04d0    0x14  MK60_gpio.o [1]
      .data            inited   0x1fff04e4    0x44  MK60_mcg.o [1]
      .data            inited   0x1fff0528     0x4  MK60_mcg.o [1]
      .data            inited   0x1fff052c    0x14  MK60_port.o [1]
      .data            inited   0x1fff0540    0x18  MK60_uart.o [1]
      .data            inited   0x1fff0558    0x40  xfiles.o [3]
  CodeRelocateRam               0x1fff0598    0x3c  <Block>
    CodeRelocateRam-1           0x1fff0598    0x3c  <Init block>
      .textrw          inited   0x1fff0598    0x3c  MK60_mcg.o [1]
  .bss                          0x1fff05d4   0x1ec  <Block>
    .bss               zero     0x1fff05d4   0x190  LDC1000.o [1]
    .bss               zero     0x1fff0764     0xc  system_MK60DZ10.o [1]
    .bss               zero     0x1fff0770    0x50  xfiles.o [3]
  P2 s0                         0x1fff07c0    0x88  <Init block>
    __DLIB_PERTHREAD   inited   0x1fff07c0    0x88  localeconv.o [3]
                              - 0x1fff0848   0x438


*******************************************************************************
*** INIT TABLE
***

          Address     Size
          -------     ----
Zero (__iar_zero_init3)
    1 destination range, total size 0x1ec:
          0x1fff05d4  0x1ec



*******************************************************************************
*** MODULE SUMMARY
***

    Module                 ro code  rw code  ro data  rw data
    ------                 -------  -------  -------  -------
C:\Users\国宇\Desktop\浮点科技电轨组金属传感器模块K60驱动代码_新\浮点科技电轨组金属传感器模块K60驱动代码\浮点科技电轨组金属传感器模块K60驱动代码\Prj\IAR\DZ10_Release\Obj: [1]
    LDC1000.o                1 356                48      446
    MK60_PIT.o                  84
    MK60_SysTick.o              52
    MK60_conf.o                 20
    MK60_ftm.o                 344                12       12
    MK60_gpio.o                152                20       20
    MK60_mcg.o                 436       60      132       72
    MK60_port.o                 60                20       20
    MK60_uart.o                360                24       24
    MK60_wdog.o                 44
    main.o                     892               132      132
    misc.o                      24
    startup_MK60DZ10.o           8
    system_MK60DZ10.o          192                         12
    vectors.o                                  1 040
    ---------------------------------------------------------
    Total:                   4 024       60    1 428      738

command line: [2]
    ---------------------------------------------------------
    Total:

dl7M_tlf.a: [3]
    div.o                       14
    exit.o                       4
    localeconv.o               108               136      136
    printf.o                    36
    putchar.o                   12
    xfiles.o                                      64      144
    xprintflarge_nomb.o      3 054
    xprout.o                    22
    ---------------------------------------------------------
    Total:                   3 250               200      280

m7M_tl.a: [4]
    DblAdd.o                   212
    DblCmpLe.o                  46
    DblDiv.o                   582
    DblMul.o                   418
    DblSub.o                   384
    DblToI32.o                  44
    I32ToDbl.o                  28
    xdnorm.o                    66
    ---------------------------------------------------------
    Total:                   1 780

rt7M_tl.a: [5]
    ABImemclr.o                  6
    ABImemcpy_unaligned.o      118
    ABImemset.o                 94
    I64DivMod.o                238
    I64DivZer.o                  2
    XXexit.o                    12
    cexit.o                     10
    cmain.o                     26
    cstartup_M.o                12
    data_init.o                 40
    memchr.o                    88
    strchr.o                    22
    strlen.o                    54
    zero_init3.o                34
    ---------------------------------------------------------
    Total:                     756

    Gaps                        24                          2
    Linker created               8                16
-------------------------------------------------------------
    Grand Total:             9 842       60    1 644    1 020


*******************************************************************************
*** ENTRY LIST
***

Entry                      Address   Size  Type      Object
-----                      -------   ----  ----      ------
.bss$$Base              0x1fff05d4          --   Gb  - Linker created -
.bss$$Limit             0x1fff07c0          --   Gb  - Linker created -
.data$$Base             0x1fff0410          --   Gb  - Linker created -
.data$$Limit            0x1fff0598          --   Gb  - Linker created -
.data_init$$Base        0x0000288c          --   Gb  - Linker created -
.data_init$$Limit       0x00002a14          --   Gb  - Linker created -
?main                   0x00002bdd         Code  Gb  cmain.o [5]
CodeRelocate$$Base      0x00002b68          --   Gb  - Linker created -
CodeRelocate$$Limit     0x00002ba4          --   Gb  - Linker created -
CodeRelocateRam$$Base   0x1fff0598          --   Gb  - Linker created -
CodeRelocateRam$$Limit  0x1fff05d4          --   Gb  - Linker created -
Device_init             0x0000221b   0x7a  Code  Gb  main.o [1]
Encode_init             0x00002157   0x26  Code  Gb  main.o [1]
FLOAT_LDC_init          0x000019b1   0xa4  Code  Gb  LDC1000.o [1]
FLOAT_SPI_RW            0x00001bf1   0x60  Code  Gb  LDC1000.o [1]
FLOAT_SPI_Read_Buf      0x00001cbb   0x3c  Code  Gb  LDC1000.o [1]
FLOAT_SPI_init          0x00001b61   0x90  Code  Gb  LDC1000.o [1]
FLOAT_Singal_SPI_Write  0x00001c51   0x6a  Code  Gb  LDC1000.o [1]
FLOAT_delay_us          0x00002121    0x2  Code  Gb  main.o [1]
FTMN                    0x1fff04c4    0xc  Data  Gb  MK60_ftm.o [1]
FTM_PWM_Duty            0x0000262f   0x26  Code  Gb  MK60_ftm.o [1]
FTM_PWM_init            0x000025b9   0x76  Code  Gb  MK60_ftm.o [1]
FTM_port_mux            0x0000250d   0xac  Code  Gb  MK60_ftm.o [1]
GPIOX                   0x1fff04d0   0x14  Data  Gb  MK60_gpio.o [1]
LDC_SPI0_val            0x1fff0494    0x4  Data  Gb  main.o [1]
LDC_SPI1_val            0x1fff0498    0x4  Data  Gb  main.o [1]
LDC_result              0x1fff049c    0x4  Data  Gb  main.o [1]
LoadInt                 0x00000995   0x6e  Code  Lc  xprintflarge_nomb.o [3]
MODE                    0x1fff0440    0x1  Data  Gb  main.o [1]
MODE2                   0x1fff0441    0x1  Data  Gb  main.o [1]
Motor_init              0x00002123   0x34  Code  Gb  main.o [1]
PIT0_IRQHandler         0x00002429   0x12  Code  Gb  main.o [1]
PIT_10MS_CONSTON        0x1fff0464    0x4  Data  Gb  main.o [1]
PIT_10msCount           0x1fff0460    0x4  Data  Gb  main.o [1]
PIT_10msFlag            0x1fff045c    0x4  Data  Gb  main.o [1]
PIT_1S_CONSTON          0x1fff0488    0x4  Data  Gb  main.o [1]
PIT_1sCount             0x1fff0484    0x4  Data  Gb  main.o [1]
PIT_1sFlag              0x1fff0480    0x4  Data  Gb  main.o [1]
PIT_20MS_CONSTON        0x1fff0470    0x4  Data  Gb  main.o [1]
PIT_20msCount           0x1fff046c    0x4  Data  Gb  main.o [1]
PIT_20msFlag            0x1fff0468    0x4  Data  Gb  main.o [1]
PIT_2MS_CONSTON         0x1fff044c    0x4  Data  Gb  main.o [1]
PIT_2msCount            0x1fff0448    0x4  Data  Gb  main.o [1]
PIT_2msFlag             0x1fff0444    0x4  Data  Gb  main.o [1]
PIT_50MS_CONSTON        0x1fff047c    0x4  Data  Gb  main.o [1]
PIT_50msCount           0x1fff0478    0x4  Data  Gb  main.o [1]
PIT_50msFlag            0x1fff0474    0x4  Data  Gb  main.o [1]
PIT_5MS_CONSTON         0x1fff0458    0x4  Data  Gb  main.o [1]
PIT_5msCount            0x1fff0454    0x4  Data  Gb  main.o [1]
PIT_5msFlag             0x1fff0450    0x4  Data  Gb  main.o [1]
PIT_motorFlag           0x1fff048c    0x4  Data  Gb  main.o [1]
PIT_steeringFlag        0x1fff0490    0x4  Data  Gb  main.o [1]
PORTX                   0x1fff052c   0x14  Data  Gb  MK60_port.o [1]
RPMAX                   0x1fff041c    0x1  Data  Gb  LDC1000.o [1]
RPMIN                   0x1fff041d    0x1  Data  Gb  LDC1000.o [1]
RP_test_noise           0x00001cff   0x66  Code  Gb  LDC1000.o [1]
Region$$Table$$Base     0x00002bcc          --   Gb  - Linker created -
Region$$Table$$Limit    0x00002bdc          --   Gb  - Linker created -
Reset_Handler           0x00000411         Code  Gb  startup_MK60DZ10.o [1]
Steering_Change         0x00002189   0x92  Code  Gb  main.o [1]
UARTN                   0x1fff0540   0x18  Data  Gb  MK60_uart.o [1]
_GenldLargeNoMb         0x00000d89  0x236  Code  Lc  xprintflarge_nomb.o [3]
_LdtobLargeNoMb         0x00000b09  0x27a  Code  Lc  xprintflarge_nomb.o [3]
_LitobLargeNoMb         0x00000a03  0x106  Code  Lc  xprintflarge_nomb.o [3]
_Locale_aeabi_lconv     0x1fff0810   0x38  Data  Gb  localeconv.o [3]
_Locale_lconv           0x1fff07c0   0x50  Data  Gb  localeconv.o [3]
_PrintfLargeNoMb        0x00000419  0x576  Code  Gb  xprintflarge_nomb.o [3]
_Prout                  0x00002c15   0x16  Code  Gb  xprout.o [3]
_PutcharsLargeNoMb      0x00000fbf   0x2e  Code  Lc  xprintflarge_nomb.o [3]
__BOOT_STACK_ADDRESS {Abs}
                        0x2000fff8          --   Gb  command line/config [2]
__VECTOR_RAM {Abs}      0x1fff0000          --   Gb  command line/config [2]
__VECTOR_TABLE {Abs}    0x00000000          --   Gb  command line/config [2]
__aeabi_cdcmple         0x00001279         Code  Gb  DblCmpLe.o [4]
__aeabi_d2uiz           0x00001695         Code  Gb  DblToI32.o [4]
__aeabi_ddiv            0x0000144d         Code  Gb  DblDiv.o [4]
__aeabi_dmul            0x000012a9         Code  Gb  DblMul.o [4]
__aeabi_dsub            0x000016dd         Code  Gb  DblSub.o [4]
__aeabi_ldiv0           0x000018d9         Code  Gb  I64DivZer.o [5]
__aeabi_memclr          0x00002b01         Code  Gb  ABImemclr.o [5]
__aeabi_ui2d            0x000016c1         Code  Gb  I32ToDbl.o [4]
__aeabi_uldivmod        0x000010d1         Code  Gb  I64DivMod.o [5]
__as_entries_start      0xffffffff          --   Gb  command line/config [2]
__as_table_start        0xffffffff          --   Gb  command line/config [2]
__cmain                 0x00002bdd         Code  Gb  cmain.o [5]
__code_start__ {Abs}    0x00000410          --   Gb  command line/config [2]
__exit                  0x00002c09         Code  Gb  XXexit.o [5]
__iar_Dnorm             0x00001237   0x42  Code  Gb  xdnorm.o [4]
__iar_Locale_lconv_init
                        0x0000185d   0x3a  Code  Gb  localeconv.o [3]
__iar_Memchr            0x00001079         Code  Gb  memchr.o [5]
__iar_Memset_word       0x00002b09         Code  Gb  ABImemset.o [5]
__iar_Stdout            0x1fff0558   0x40  Data  Gb  xfiles.o [3]
__iar_Strchr            0x00001029         Code  Gb  strchr.o [5]
__iar_d2uiz             0x000016a1         Code  Gb  DblToI32.o [4]
__iar_dadd              0x000018dd         Code  Gb  DblAdd.o [4]
__iar_data_init3        0x00002ba5   0x28  Code  Gb  data_init.o [5]
__iar_dsub              0x000016f1         Code  Gb  DblSub.o [4]
__iar_dsubStart         0x00001703         Code  Gb  DblSub.o [4]
__iar_program_start     0x00002c4d         Code  Gb  cstartup_M.o [5]
__iar_ui2d              0x000016c5         Code  Gb  I32ToDbl.o [4]
__iar_unaligned___aeabi_memcpy
                        0x000011c1         Code  Gb  ABImemcpy_unaligned.o [5]
__iar_unaligned___aeabi_memcpy4
                        0x000011e1         Code  Gb  ABImemcpy_unaligned.o [5]
__iar_unaligned___aeabi_memcpy8
                        0x000011e1         Code  Gb  ABImemcpy_unaligned.o [5]
__iar_zero_init3        0x00001007   0x22  Code  Gb  zero_init3.o [5]
__vector_table          0x00000000  0x410  Data  Gb  vectors.o [1]
_call_main              0x00002be9         Code  Gb  cmain.o [5]
_exit                   0x00002bfd         Code  Gb  cexit.o [5]
_main                   0x00002bf3         Code  Gb  cmain.o [5]
bus_clk_khz             0x1fff076c    0x4  Data  Gb  system_MK60DZ10.o [1]
caculate_steering_value
                        0x1fff04bc    0x4  Data  Gb  main.o [1]
common_startup          0x00002a5d   0x48  Code  Gb  system_MK60DZ10.o [1]
core_clk_khz            0x1fff0764    0x4  Data  Gb  system_MK60DZ10.o [1]
core_clk_mhz            0x1fff0768    0x4  Data  Gb  system_MK60DZ10.o [1]
d_flag                  0x1fff04b0    0x4  Data  Gb  main.o [1]
d_steering_value        0x1fff04b4    0x4  Data  Gb  main.o [1]
default_isr             0x00002c49    0x2  Code  Gb  MK60_conf.o [1]
div                     0x000018c9    0xe  Code  Gb  div.o [3]
evm_Test_Rp_Sample      0x00001d75   0x7a  Code  Lc  LDC1000.o [1]
evm_test                0x00001def   0xdc  Code  Gb  LDC1000.o [1]
exit                    0x00002bf7    0x4  Code  Gb  exit.o [3]
expectation_steering_value
                        0x1fff04a4    0x4  Data  Gb  main.o [1]
filter                  0x00001acd   0x8e  Code  Gb  LDC1000.o [1]
fputc                   0x00002c39   0x10  Code  Gb  MK60_conf.o [1]
frist_steering_error    0x1fff04a0    0x4  Data  Gb  main.o [1]
gpio_get                0x00002103   0x18  Code  Gb  MK60_gpio.o [1]
gpio_init               0x00002089   0x42  Code  Gb  MK60_gpio.o [1]
gpio_set                0x000020cb   0x22  Code  Gb  MK60_gpio.o [1]
gpio_turn               0x000020ed   0x16  Code  Gb  MK60_gpio.o [1]
kd_steering             0x1fff04c0    0x4  Data  Gb  main.o [1]
kp_steering             0x1fff04ac    0x4  Data  Gb  main.o [1]
ldc_read_avr            0x00001a55   0x78  Code  Gb  LDC1000.o [1]
localeconv              0x00001897   0x16  Code  Gb  localeconv.o [3]
main                    0x00002295  0x112  Code  Gb  main.o [1]
mcg_cfg                 0x1fff04e4   0x44  Data  Gb  MK60_mcg.o [1]
mcg_div                 0x1fff0528    0x4  Data  Gb  MK60_mcg.o [1]
mcg_div_count           0x000026d9  0x12c  Code  Gb  MK60_mcg.o [1]
memchr                  0x00001079         Code  Gb  memchr.o [5]
new_value_buf           0x1fff05d4   0xc8  Data  Gb  LDC1000.o [1]
obuf                    0x1fff0770   0x50  Data  Lc  xfiles.o [3]
orgVal                  0x1fff0410    0xc  Data  Gb  LDC1000.o [1]
p_steering_value        0x1fff04a8    0x4  Data  Gb  main.o [1]
pit0_isr                0x000023a7   0x80  Code  Gb  main.o [1]
pit_init                0x00002665   0x44  Code  Gb  MK60_PIT.o [1]
pll_init                0x00002805   0x7c  Code  Gb  MK60_mcg.o [1]
port_init               0x000024d1   0x2c  Code  Gb  MK60_port.o [1]
printf                  0x00002065   0x24  Code  Gb  printf.o [3]
proximtyData            0x1fff0420    0x4  Data  Gb  LDC1000.o [1]
proximtyDataAVE         0x1fff0438    0x4  Data  Gb  LDC1000.o [1]
proximtyDataAVE_LAS     0x1fff043c    0x4  Data  Gb  LDC1000.o [1]
proximtyDataMAX         0x1fff042c    0x4  Data  Gb  LDC1000.o [1]
proximtyDataMIN         0x1fff0430    0x4  Data  Gb  LDC1000.o [1]
proximtyDataSUM         0x1fff0434    0x4  Data  Gb  LDC1000.o [1]
proximtyDataTEMP        0x1fff0428    0x4  Data  Gb  LDC1000.o [1]
putchar                 0x00002c2d    0xc  Code  Gb  putchar.o [3]
rpi_max                 0x1fff0424    0x1  Data  Gb  LDC1000.o [1]
second_steering_error   0x1fff04b8    0x4  Data  Gb  main.o [1]
set_sys_dividers        0x1fff0599   0x3c  Code  Gb  MK60_mcg.o [1]
set_vector_handler      0x000026bf    0x8  Code  Gb  misc.o [1]
start                   0x00002a15   0x14  Code  Gb  system_MK60DZ10.o [1]
strchr                  0x00001029         Code  Gb  strchr.o [5]
strlen                  0x00001041         Code  Gb  strlen.o [5]
sysinit                 0x00002a29   0x34  Code  Gb  system_MK60DZ10.o [1]
systick_delay_ms        0x0000249d   0x2a  Code  Gb  MK60_SysTick.o [1]
uart_init               0x00001efd  0x148  Code  Gb  MK60_uart.o [1]
uart_putchar            0x00002045   0x10  Code  Gb  MK60_uart.o [1]
value_buf               0x1fff069c   0xc8  Data  Gb  LDC1000.o [1]
wdog_disable            0x00002ad5   0x26  Code  Gb  MK60_wdog.o [1]
write_vtor              0x000026b9    0x6  Code  Gb  misc.o [1]


[1] = C:\Users\国宇\Desktop\浮点科技电轨组金属传感器模块K60驱动代码_新\浮点科技电轨组金属传感器模块K60驱动代码\浮点科技电轨组金属传感器模块K60驱动代码\Prj\IAR\DZ10_Release\Obj
[2] = command line
[3] = dl7M_tlf.a
[4] = m7M_tl.a
[5] = rt7M_tl.a

  9 842 bytes of readonly  code memory
     60 bytes of readwrite code memory
  1 644 bytes of readonly  data memory
  1 020 bytes of readwrite data memory

Errors: none
Warnings: none
