###############################################################################
#
# IAR ELF Linker V7.20.2.7424/W32 for ARM                 06/Jul/2016  15:31:47
# Copyright 2007-2014 IAR Systems AB.
#
#    Output file  =  
#        C:\Users\国宇\Desktop\浮点科技电轨组金属传感器模块K60驱动代码_新\浮点科技电轨组金属传感器模块K60驱动代码\浮点科技电轨组金属传感器模块K60驱动代码\Prj\IAR\DZ10_Release\Exe\vcan_Kinetis.out
#    Map file     =  
#        C:\Users\国宇\Desktop\浮点科技电轨组金属传感器模块K60驱动代码_新\浮点科技电轨组金属传感器模块K60驱动代码\浮点科技电轨组金属传感器模块K60驱动代码\Prj\IAR\DZ10_Release\List\vcan_Kinetis.map
#    Command line =  
#        C:\Users\国宇\Desktop\浮点科技电轨组金属传感器模块K60驱动代码_新\浮点科技电轨组金属传感器模块K60驱动代码\浮点科技电轨组金属传感器模块K60驱动代码\Prj\IAR\DZ10_Release\Obj\calculate.o
#        C:\Users\国宇\Desktop\浮点科技电轨组金属传感器模块K60驱动代码_新\浮点科技电轨组金属传感器模块K60驱动代码\浮点科技电轨组金属传感器模块K60驱动代码\Prj\IAR\DZ10_Release\Obj\LDC1000.o
#        C:\Users\国宇\Desktop\浮点科技电轨组金属传感器模块K60驱动代码_新\浮点科技电轨组金属传感器模块K60驱动代码\浮点科技电轨组金属传感器模块K60驱动代码\Prj\IAR\DZ10_Release\Obj\main.o
#        C:\Users\国宇\Desktop\浮点科技电轨组金属传感器模块K60驱动代码_新\浮点科技电轨组金属传感器模块K60驱动代码\浮点科技电轨组金属传感器模块K60驱动代码\Prj\IAR\DZ10_Release\Obj\misc.o
#        C:\Users\国宇\Desktop\浮点科技电轨组金属传感器模块K60驱动代码_新\浮点科技电轨组金属传感器模块K60驱动代码\浮点科技电轨组金属传感器模块K60驱动代码\Prj\IAR\DZ10_Release\Obj\MK60_adc.o
#        C:\Users\国宇\Desktop\浮点科技电轨组金属传感器模块K60驱动代码_新\浮点科技电轨组金属传感器模块K60驱动代码\浮点科技电轨组金属传感器模块K60驱动代码\Prj\IAR\DZ10_Release\Obj\MK60_conf.o
#        C:\Users\国宇\Desktop\浮点科技电轨组金属传感器模块K60驱动代码_新\浮点科技电轨组金属传感器模块K60驱动代码\浮点科技电轨组金属传感器模块K60驱动代码\Prj\IAR\DZ10_Release\Obj\MK60_DWT.o
#        C:\Users\国宇\Desktop\浮点科技电轨组金属传感器模块K60驱动代码_新\浮点科技电轨组金属传感器模块K60驱动代码\浮点科技电轨组金属传感器模块K60驱动代码\Prj\IAR\DZ10_Release\Obj\MK60_flash.o
#        C:\Users\国宇\Desktop\浮点科技电轨组金属传感器模块K60驱动代码_新\浮点科技电轨组金属传感器模块K60驱动代码\浮点科技电轨组金属传感器模块K60驱动代码\Prj\IAR\DZ10_Release\Obj\MK60_ftm.o
#        C:\Users\国宇\Desktop\浮点科技电轨组金属传感器模块K60驱动代码_新\浮点科技电轨组金属传感器模块K60驱动代码\浮点科技电轨组金属传感器模块K60驱动代码\Prj\IAR\DZ10_Release\Obj\MK60_gpio.o
#        C:\Users\国宇\Desktop\浮点科技电轨组金属传感器模块K60驱动代码_新\浮点科技电轨组金属传感器模块K60驱动代码\浮点科技电轨组金属传感器模块K60驱动代码\Prj\IAR\DZ10_Release\Obj\MK60_i2c.o
#        C:\Users\国宇\Desktop\浮点科技电轨组金属传感器模块K60驱动代码_新\浮点科技电轨组金属传感器模块K60驱动代码\浮点科技电轨组金属传感器模块K60驱动代码\Prj\IAR\DZ10_Release\Obj\MK60_it.o
#        C:\Users\国宇\Desktop\浮点科技电轨组金属传感器模块K60驱动代码_新\浮点科技电轨组金属传感器模块K60驱动代码\浮点科技电轨组金属传感器模块K60驱动代码\Prj\IAR\DZ10_Release\Obj\MK60_lptmr.o
#        C:\Users\国宇\Desktop\浮点科技电轨组金属传感器模块K60驱动代码_新\浮点科技电轨组金属传感器模块K60驱动代码\浮点科技电轨组金属传感器模块K60驱动代码\Prj\IAR\DZ10_Release\Obj\MK60_mcg.o
#        C:\Users\国宇\Desktop\浮点科技电轨组金属传感器模块K60驱动代码_新\浮点科技电轨组金属传感器模块K60驱动代码\浮点科技电轨组金属传感器模块K60驱动代码\Prj\IAR\DZ10_Release\Obj\MK60_PIT.o
#        C:\Users\国宇\Desktop\浮点科技电轨组金属传感器模块K60驱动代码_新\浮点科技电轨组金属传感器模块K60驱动代码\浮点科技电轨组金属传感器模块K60驱动代码\Prj\IAR\DZ10_Release\Obj\MK60_port.o
#        C:\Users\国宇\Desktop\浮点科技电轨组金属传感器模块K60驱动代码_新\浮点科技电轨组金属传感器模块K60驱动代码\浮点科技电轨组金属传感器模块K60驱动代码\Prj\IAR\DZ10_Release\Obj\MK60_rtc.o
#        C:\Users\国宇\Desktop\浮点科技电轨组金属传感器模块K60驱动代码_新\浮点科技电轨组金属传感器模块K60驱动代码\浮点科技电轨组金属传感器模块K60驱动代码\Prj\IAR\DZ10_Release\Obj\MK60_spi.o
#        C:\Users\国宇\Desktop\浮点科技电轨组金属传感器模块K60驱动代码_新\浮点科技电轨组金属传感器模块K60驱动代码\浮点科技电轨组金属传感器模块K60驱动代码\Prj\IAR\DZ10_Release\Obj\MK60_SysTick.o
#        C:\Users\国宇\Desktop\浮点科技电轨组金属传感器模块K60驱动代码_新\浮点科技电轨组金属传感器模块K60驱动代码\浮点科技电轨组金属传感器模块K60驱动代码\Prj\IAR\DZ10_Release\Obj\MK60_uart.o
#        C:\Users\国宇\Desktop\浮点科技电轨组金属传感器模块K60驱动代码_新\浮点科技电轨组金属传感器模块K60驱动代码\浮点科技电轨组金属传感器模块K60驱动代码\Prj\IAR\DZ10_Release\Obj\MK60_wdog.o
#        C:\Users\国宇\Desktop\浮点科技电轨组金属传感器模块K60驱动代码_新\浮点科技电轨组金属传感器模块K60驱动代码\浮点科技电轨组金属传感器模块K60驱动代码\Prj\IAR\DZ10_Release\Obj\oled.o
#        C:\Users\国宇\Desktop\浮点科技电轨组金属传感器模块K60驱动代码_新\浮点科技电轨组金属传感器模块K60驱动代码\浮点科技电轨组金属传感器模块K60驱动代码\Prj\IAR\DZ10_Release\Obj\SpeedPID.o
#        C:\Users\国宇\Desktop\浮点科技电轨组金属传感器模块K60驱动代码_新\浮点科技电轨组金属传感器模块K60驱动代码\浮点科技电轨组金属传感器模块K60驱动代码\Prj\IAR\DZ10_Release\Obj\startup_MK60DZ10.o
#        C:\Users\国宇\Desktop\浮点科技电轨组金属传感器模块K60驱动代码_新\浮点科技电轨组金属传感器模块K60驱动代码\浮点科技电轨组金属传感器模块K60驱动代码\Prj\IAR\DZ10_Release\Obj\system_MK60DZ10.o
#        C:\Users\国宇\Desktop\浮点科技电轨组金属传感器模块K60驱动代码_新\浮点科技电轨组金属传感器模块K60驱动代码\浮点科技电轨组金属传感器模块K60驱动代码\Prj\IAR\DZ10_Release\Obj\VCAN_key.o
#        C:\Users\国宇\Desktop\浮点科技电轨组金属传感器模块K60驱动代码_新\浮点科技电轨组金属传感器模块K60驱动代码\浮点科技电轨组金属传感器模块K60驱动代码\Prj\IAR\DZ10_Release\Obj\VCAN_LED.o
#        C:\Users\国宇\Desktop\浮点科技电轨组金属传感器模块K60驱动代码_新\浮点科技电轨组金属传感器模块K60驱动代码\浮点科技电轨组金属传感器模块K60驱动代码\Prj\IAR\DZ10_Release\Obj\VCAN_MMA7455.o
#        C:\Users\国宇\Desktop\浮点科技电轨组金属传感器模块K60驱动代码_新\浮点科技电轨组金属传感器模块K60驱动代码\浮点科技电轨组金属传感器模块K60驱动代码\Prj\IAR\DZ10_Release\Obj\VCAN_NRF24L0.o
#        C:\Users\国宇\Desktop\浮点科技电轨组金属传感器模块K60驱动代码_新\浮点科技电轨组金属传感器模块K60驱动代码\浮点科技电轨组金属传感器模块K60驱动代码\Prj\IAR\DZ10_Release\Obj\VCAN_RTC_count.o
#        C:\Users\国宇\Desktop\浮点科技电轨组金属传感器模块K60驱动代码_新\浮点科技电轨组金属传感器模块K60驱动代码\浮点科技电轨组金属传感器模块K60驱动代码\Prj\IAR\DZ10_Release\Obj\vectors.o
#        C:\Users\国宇\Desktop\浮点科技电轨组金属传感器模块K60驱动代码_新\浮点科技电轨组金属传感器模块K60驱动代码\浮点科技电轨组金属传感器模块K60驱动代码\Prj\IAR\DZ10_Release\Obj\Virtual_Oscilloscope.o
#        --redirect _Printf=_PrintfLargeNoMb --redirect _Scanf=_ScanfLargeNoMb
#        -o
#        C:\Users\国宇\Desktop\浮点科技电轨组金属传感器模块K60驱动代码_新\浮点科技电轨组金属传感器模块K60驱动代码\浮点科技电轨组金属传感器模块K60驱动代码\Prj\IAR\DZ10_Release\Exe\vcan_Kinetis.out
#        --map
#        C:\Users\国宇\Desktop\浮点科技电轨组金属传感器模块K60驱动代码_新\浮点科技电轨组金属传感器模块K60驱动代码\浮点科技电轨组金属传感器模块K60驱动代码\Prj\IAR\DZ10_Release\List\vcan_Kinetis.map
#        --config
#        "C:\Users\国宇\Desktop\浮点科技电轨组金属传感器模块K60驱动代码_新\浮点科技电轨组金属传感器模块K60驱动代码\浮点科技电轨组金属传感器模块K60驱动代码\Prj\IAR\config
#        files\vcan_ROM_K60N512.icf"
#        C:\Users\国宇\Desktop\浮点科技电轨组金属传感器模块K60驱动代码_新\浮点科技电轨组金属传感器模块K60驱动代码\浮点科技电轨组金属传感器模块K60驱动代码\Prj\IAR\..\..\Lib\CMSIS\iar_cortexM4l_math.a
#        --entry __iar_program_start --redirect __write=__write_buffered
#        --inline --vfe
#
###############################################################################

*******************************************************************************
*** RUNTIME MODEL ATTRIBUTES
***

CppFlavor       = *
__SystemLibrary = DLib


*******************************************************************************
*** PLACEMENT SUMMARY
***

"A1":  place at 0x00000000 { ro section .intvec };
"A2":  place at 0x00000410 { ro section .noinit };
"P1":  place in [from 0x00000000 to 0x00080000] { ro, block CodeRelocate };
"P2":  place in [from 0x1fff0410 to 0x20010000] {
          rw, block CodeRelocateRam, block CSTACK, block HEAP };

  Section              Kind        Address    Size  Object
  -------              ----        -------    ----  ------
"A1":                                        0x410
  .intvec              const    0x00000000   0x410  vectors.o [1]
                              - 0x00000410   0x410

"P1", part 1 of 2:                             0x0
  .rodata              const    0x00000410     0x0  zero_init3.o [5]

"A2":                                          0x8
  .noinit              ro code  0x00000410     0x8  startup_MK60DZ10.o [1]
                              - 0x00000418     0x8

"P1", part 2 of 2:                          0x10d0
  .text                ro code  0x00000418   0x9e4  oled.o [1]
  .text                ro code  0x00000dfc    0x48  MK60_gpio.o [1]
  .text                ro code  0x00000e44    0x3c  MK60_port.o [1]
  Veneer               ro code  0x00000e80     0x8  - Linker created -
  .text                ro code  0x00000e88   0x1b4  MK60_mcg.o [1]
  .text                ro code  0x0000103c   0x158  MK60_uart.o [1]
  .text                ro code  0x00001194    0xc0  system_MK60DZ10.o [1]
  .text                ro code  0x00001254    0x2c  MK60_wdog.o [1]
  .text                ro code  0x00001280    0x16  main.o [1]
  .text                ro code  0x00001296    0x22  zero_init3.o [5]
  .text                ro code  0x000012b8    0x76  ABImemcpy_unaligned.o [5]
  .text                ro code  0x00001330     0xc  misc.o [1]
  .text                ro code  0x0000133c     0x6  ABImemclr.o [5]
  .text                ro code  0x00001344    0x5e  ABImemset.o [5]
  .data_init                    0x000013a4    0x88  <Block>
    Initializer bytes  ro data  0x000013a4    0x88  <for .data-1>
  CodeRelocate                  0x0000142c    0x3c  <Block>
    Initializer bytes  ro data  0x0000142c    0x3c  <for CodeRelocateRam-1>
  .text                ro code  0x00001468    0x28  data_init.o [5]
  .iar.init_table      const    0x00001490    0x10  - Linker created -
  .text                ro code  0x000014a0    0x1a  cmain.o [5]
  .text                ro code  0x000014ba     0x4  exit.o [3]
  .text                ro code  0x000014c0     0xa  cexit.o [5]
  .text                ro code  0x000014cc     0xc  XXexit.o [5]
  .text                ro code  0x000014d8     0xc  cstartup_M.o [5]
  .text                ro code  0x000014e4     0x4  MK60_conf.o [1]
                              - 0x000014e8  0x10d0

"P2":                                         0xd0
  .data                         0x1fff0410    0x88  <Block>
    .data-1                     0x1fff0410    0x88  <Init block>
      .data            inited   0x1fff0410    0x14  MK60_gpio.o [1]
      .data            inited   0x1fff0424    0x44  MK60_mcg.o [1]
      .data            inited   0x1fff0468     0x4  MK60_mcg.o [1]
      .data            inited   0x1fff046c    0x14  MK60_port.o [1]
      .data            inited   0x1fff0480    0x18  MK60_uart.o [1]
  CodeRelocateRam               0x1fff0498    0x3c  <Block>
    CodeRelocateRam-1           0x1fff0498    0x3c  <Init block>
      .textrw          inited   0x1fff0498    0x3c  MK60_mcg.o [1]
  .bss                          0x1fff04d4     0xc  <Block>
    .bss               zero     0x1fff04d4     0xc  system_MK60DZ10.o [1]
                              - 0x1fff04e0    0xd0


*******************************************************************************
*** INIT TABLE
***

          Address     Size
          -------     ----
Zero (__iar_zero_init3)
    1 destination range, total size 0xc:
          0x1fff04d4   0xc



*******************************************************************************
*** MODULE SUMMARY
***

    Module                 ro code  rw code  ro data  rw data
    ------                 -------  -------  -------  -------
C:\Users\国宇\Desktop\浮点科技电轨组金属传感器模块K60驱动代码_新\浮点科技电轨组金属传感器模块K60驱动代码\浮点科技电轨组金属传感器模块K60驱动代码\Prj\IAR\DZ10_Release\Obj: [1]
    MK60_conf.o                  4
    MK60_gpio.o                 72                20       20
    MK60_mcg.o                 436       60      132       72
    MK60_port.o                 60                20       20
    MK60_uart.o                344                24       24
    MK60_wdog.o                 44
    main.o                      22
    misc.o                      12
    oled.o                   2 532
    startup_MK60DZ10.o           8
    system_MK60DZ10.o          192                         12
    vectors.o                                  1 040
    ---------------------------------------------------------
    Total:                   3 726       60    1 236      148

command line: [2]
    ---------------------------------------------------------
    Total:

dl7M_tlf.a: [3]
    exit.o                       4
    ---------------------------------------------------------
    Total:                       4

m7M_tl.a: [4]
    ---------------------------------------------------------
    Total:

rt7M_tl.a: [5]
    ABImemclr.o                  6
    ABImemcpy_unaligned.o      118
    ABImemset.o                 94
    XXexit.o                    12
    cexit.o                     10
    cmain.o                     26
    cstartup_M.o                12
    data_init.o                 40
    zero_init3.o                34
    ---------------------------------------------------------
    Total:                     352

    Gaps                         8
    Linker created               8                16
-------------------------------------------------------------
    Grand Total:             4 098       60    1 252      148


*******************************************************************************
*** ENTRY LIST
***

Entry                      Address   Size  Type      Object
-----                      -------   ----  ----      ------
.bss$$Base              0x1fff04d4          --   Gb  - Linker created -
.bss$$Limit             0x1fff04e0          --   Gb  - Linker created -
.data$$Base             0x1fff0410          --   Gb  - Linker created -
.data$$Limit            0x1fff0498          --   Gb  - Linker created -
.data_init$$Base        0x000013a4          --   Gb  - Linker created -
.data_init$$Limit       0x0000142c          --   Gb  - Linker created -
?main                   0x000014a1         Code  Gb  cmain.o [5]
CodeRelocate$$Base      0x0000142c          --   Gb  - Linker created -
CodeRelocate$$Limit     0x00001468          --   Gb  - Linker created -
CodeRelocateRam$$Base   0x1fff0498          --   Gb  - Linker created -
CodeRelocateRam$$Limit  0x1fff04d4          --   Gb  - Linker created -
F8X16                   0x0000080c  0x5f0  Data  Gb  oled.o [1]
GPIOX                   0x1fff0410   0x14  Data  Gb  MK60_gpio.o [1]
LCD_BL                  0x000005cd  0x168  Code  Gb  oled.o [1]
LCD_Fill                0x000004af   0x30  Code  Gb  oled.o [1]
LCD_Init                0x000004df   0xee  Code  Gb  oled.o [1]
LCD_Set_Pos             0x00000489   0x26  Code  Gb  oled.o [1]
LCD_WrCmd               0x00000451   0x38  Code  Gb  oled.o [1]
LCD_WrDat               0x00000419   0x38  Code  Gb  oled.o [1]
PORTX                   0x1fff046c   0x14  Data  Gb  MK60_port.o [1]
Region$$Table$$Base     0x00001490          --   Gb  - Linker created -
Region$$Table$$Limit    0x000014a0          --   Gb  - Linker created -
Reset_Handler           0x00000411         Code  Gb  startup_MK60DZ10.o [1]
UARTN                   0x1fff0480   0x18  Data  Gb  MK60_uart.o [1]
__BOOT_STACK_ADDRESS {Abs}
                        0x2000fff8          --   Gb  command line/config [2]
__VECTOR_RAM {Abs}      0x1fff0000          --   Gb  command line/config [2]
__VECTOR_TABLE {Abs}    0x00000000          --   Gb  command line/config [2]
__aeabi_memclr          0x0000133d         Code  Gb  ABImemclr.o [5]
__as_entries_start      0xffffffff          --   Gb  command line/config [2]
__as_table_start        0xffffffff          --   Gb  command line/config [2]
__cmain                 0x000014a1         Code  Gb  cmain.o [5]
__code_start__ {Abs}    0x00000410          --   Gb  command line/config [2]
__exit                  0x000014cd         Code  Gb  XXexit.o [5]
__iar_Memset_word       0x00001345         Code  Gb  ABImemset.o [5]
__iar_data_init3        0x00001469   0x28  Code  Gb  data_init.o [5]
__iar_program_start     0x000014d9         Code  Gb  cstartup_M.o [5]
__iar_unaligned___aeabi_memcpy
                        0x000012b9         Code  Gb  ABImemcpy_unaligned.o [5]
__iar_unaligned___aeabi_memcpy4
                        0x000012d9         Code  Gb  ABImemcpy_unaligned.o [5]
__iar_unaligned___aeabi_memcpy8
                        0x000012d9         Code  Gb  ABImemcpy_unaligned.o [5]
__iar_zero_init3        0x00001297   0x22  Code  Gb  zero_init3.o [5]
__vector_table          0x00000000  0x410  Data  Gb  vectors.o [1]
_call_main              0x000014ad         Code  Gb  cmain.o [5]
_exit                   0x000014c1         Code  Gb  cexit.o [5]
_main                   0x000014b7         Code  Gb  cmain.o [5]
blprint                 0x00000735   0xcc  Code  Gb  oled.o [1]
bus_clk_khz             0x1fff04dc    0x4  Data  Gb  system_MK60DZ10.o [1]
common_startup          0x000011dd   0x48  Code  Gb  system_MK60DZ10.o [1]
core_clk_khz            0x1fff04d4    0x4  Data  Gb  system_MK60DZ10.o [1]
core_clk_mhz            0x1fff04d8    0x4  Data  Gb  system_MK60DZ10.o [1]
default_isr             0x000014e5    0x2  Code  Gb  MK60_conf.o [1]
exit                    0x000014bb    0x4  Code  Gb  exit.o [3]
gpio_init               0x00000dfd   0x42  Code  Gb  MK60_gpio.o [1]
main                    0x00001281    0x2  Code  Gb  main.o [1]
mcg_cfg                 0x1fff0424   0x44  Data  Gb  MK60_mcg.o [1]
mcg_div                 0x1fff0468    0x4  Data  Gb  MK60_mcg.o [1]
mcg_div_count           0x00000e89  0x12c  Code  Gb  MK60_mcg.o [1]
pll_init                0x00000fb5   0x7c  Code  Gb  MK60_mcg.o [1]
port_init               0x00000e45   0x2c  Code  Gb  MK60_port.o [1]
set_sys_dividers        0x1fff0499   0x3c  Code  Gb  MK60_mcg.o [1]
start                   0x00001195   0x14  Code  Gb  system_MK60DZ10.o [1]
sysinit                 0x000011a9   0x34  Code  Gb  system_MK60DZ10.o [1]
uart_init               0x0000103d  0x148  Code  Gb  MK60_uart.o [1]
wdog_disable            0x00001255   0x26  Code  Gb  MK60_wdog.o [1]
write_vtor              0x00001331    0x6  Code  Gb  misc.o [1]


[1] = C:\Users\国宇\Desktop\浮点科技电轨组金属传感器模块K60驱动代码_新\浮点科技电轨组金属传感器模块K60驱动代码\浮点科技电轨组金属传感器模块K60驱动代码\Prj\IAR\DZ10_Release\Obj
[2] = command line
[3] = dl7M_tlf.a
[4] = m7M_tl.a
[5] = rt7M_tl.a

  4 098 bytes of readonly  code memory
     60 bytes of readwrite code memory
  1 252 bytes of readonly  data memory
    148 bytes of readwrite data memory

Errors: none
Warnings: none
